// Jest Snapshot v1, https://goo.gl/fbAQLP

exports[`Header should render the header 1`] = `
<div>
  <header
    class="flex justify-between items-center h-[60px] px-[10%]"
  >
    <div
      class="flex justify-center flex-col"
    >
      <a
        href="/"
      >
        <span
          class="font-medium text-[20px]"
        >
          Maycon Douglas
        </span>
      </a>
    </div>
    <nav
      class="md:flex hidden"
    >
      <ul
        class="flex gap-x-7"
      >
        <li>
          <a
            class="hover:border-b-2 hover:border-white cursor-pointer py-[2px] font-medium text-white transition-colors delay-150"
            isactive="false"
          >
            Home
          </a>
        </li>
        <li>
          <a
            class="hover:border-b-2 hover:border-white cursor-pointer py-[2px] font-medium text-white transition-colors delay-150"
            isactive="false"
          >
            Sobre mim
          </a>
        </li>
        <li>
          <a
            class="hover:border-b-2 hover:border-white cursor-pointer py-[2px] font-medium text-white transition-colors delay-150"
            isactive="false"
          >
            Tecnologias
          </a>
        </li>
        <li>
          <a
            class="hover:border-b-2 hover:border-white cursor-pointer py-[2px] font-medium text-white transition-colors delay-150"
            isactive="false"
          >
            Projetos
          </a>
        </li>
        <li>
          <a
            class="hover:border-b-2 hover:border-white cursor-pointer py-[2px] font-medium text-white transition-colors delay-150"
            isactive="false"
          >
            Contato
          </a>
        </li>
      </ul>
    </nav>
    <div
      class="md:hidden flex"
    >
      x
    </div>
  </header>
</div>
`;
