// Jest Snapshot v1, https://goo.gl/fbAQLP

exports[`Header should render the header 1`] = `
<div>
  <header
    class="flex justify-between items-center h-[60px] w-screen px-[10%] bg-black fixed top-0"
  >
    <div
      class="flex justify-center flex-col"
    >
      <a
        href="/"
      >
        <span
          class="font-medium text-[20px]"
        >
          Maycon Douglas
        </span>
      </a>
    </div>
    <nav
      class="md:flex hidden"
    >
      <ul
        class="flex gap-x-7"
      >
        <li>
          <a
            class="text-gray-300 cursor-pointer py-[2px] font-medium hover:text-white transition-colors duration-300"
            isactive="false"
          >
            Home
          </a>
        </li>
        <li>
          <a
            class="text-gray-300 cursor-pointer py-[2px] font-medium hover:text-white transition-colors duration-300"
            isactive="false"
          >
            Sobre mim
          </a>
        </li>
        <li>
          <a
            class="text-gray-300 cursor-pointer py-[2px] font-medium hover:text-white transition-colors duration-300"
            isactive="false"
          >
            Tecnologias
          </a>
        </li>
        <li>
          <a
            class="text-gray-300 cursor-pointer py-[2px] font-medium hover:text-white transition-colors duration-300"
            isactive="false"
          >
            Projetos
          </a>
        </li>
        <li>
          <a
            class="text-gray-300 cursor-pointer py-[2px] font-medium hover:text-white transition-colors duration-300"
            isactive="false"
          >
            Contato
          </a>
        </li>
      </ul>
    </nav>
    <div
      class="md:hidden flex text-3xl"
    >
      <svg
        aria-hidden="true"
        fill="currentColor"
        height="1em"
        stroke="currentColor"
        stroke-width="0"
        viewBox="0 0 24 24"
        width="1em"
        xmlns="http://www.w3.org/2000/svg"
      >
        <path
          clip-rule="evenodd"
          d="M3 9a.75.75 0 01.75-.75h16.5a.75.75 0 010 1.5H3.75A.75.75 0 013 9zm0 6.75a.75.75 0 01.75-.75h16.5a.75.75 0 010 1.5H3.75a.75.75 0 01-.75-.75z"
          fill-rule="evenodd"
        />
      </svg>
    </div>
  </header>
</div>
`;
