// Jest Snapshot v1, https://goo.gl/fbAQLP

exports[`Header should render the header 1`] = `
<DocumentFragment>
  <li>
    <a
      href="/"
    >
      Home
    </a>
  </li>
  <li>
    <a
      href="/about"
    >
      Sobre mim
    </a>
  </li>
  <li>
    <a
      href="/projects"
    >
      Projetos
    </a>
  </li>
  <li>
    <a
      href="/contact"
    >
      Contato
    </a>
  </li>
</DocumentFragment>
`;
