// Jest Snapshot v1, https://goo.gl/fbAQLP

exports[`Title should render the title 1`] = `
<div>
  <h1
    class="text-3xl font-bold relative z-10 after:content-[''] after:absolute after:bottom-[-6px] after:left-0 after:w-52 after:h-[2px] after:bg-gradient-to-r after:from-blue-500 after:to-black"
  >
    Next test
  </h1>
</div>
`;
