// Jest Snapshot v1, https://goo.gl/fbAQLP

exports[`Logo should render the logo 1`] = `
<DocumentFragment>
  <div
    class="flex justify-center flex-col"
  >
    <span
      class="font-black text-[23px] text-blue-900"
    >
      MAYCON JZJ
    </span>
    <span
      class="text-blue-900"
    >
      Desenvolvedor Front-End
    </span>
  </div>
</DocumentFragment>
`;
