// Jest Snapshot v1, https://goo.gl/fbAQLP

exports[`Header should render the header 1`] = `
<DocumentFragment>
  <nav
    class=""
  >
    <ul
      class="flex gap-x-7"
    >
      <li>
        <a
          class="text-[#222] hover:text-blue-500 transition delay-150 cursor-pointer font-medium"
        >
          Home
        </a>
      </li>
      <li>
        <a
          class="text-[#222] hover:text-blue-500 transition delay-150 cursor-pointer font-medium"
        >
          Sobre mim
        </a>
      </li>
      <li>
        <a
          class="text-[#222] hover:text-blue-500 transition delay-150 cursor-pointer font-medium"
        >
          Projetos
        </a>
      </li>
      <li>
        <a
          class="text-[#222] hover:text-blue-500 transition delay-150 cursor-pointer font-medium"
        >
          Contato
        </a>
      </li>
    </ul>
  </nav>
</DocumentFragment>
`;
