// Jest Snapshot v1, https://goo.gl/fbAQLP

exports[`MainNav should render the mainnav 1`] = `
<div>
  <nav
    class=""
  >
    <ul
      class="flex gap-x-7"
    >
      <li>
        <a
          class="text-[#222] hover:text-blue-500 transition delay-150 cursor-pointer font-medium"
          isactive="false"
        >
          Next test
        </a>
      </li>
    </ul>
  </nav>
</div>
`;
